// Jest Snapshot v1, https://goo.gl/fbAQLP

exports[`SearchForm renders correctly 1`] = `
<DocumentFragment>
  <div
    class="search-form"
  >
    <h1
      class="header"
    >
      React Weather App
    </h1>
    <input
      class="input"
      placeholder="Enter UK City"
      type="text"
      value="Liverpool"
    />
    <button
      class="search-button"
      type="submit"
    >
      Search
    </button>
  </div>
</DocumentFragment>
`;
